// Jest Snapshot v1, https://goo.gl/fbAQLP

exports[`AppHeader Component should render without throwing an error 1`] = `
initialize {
  "0": Object {
    "attribs": Object {
      "class": "navbar navbar-default",
      "style": "background:transparent;background-color:transparent;border-color:transparent",
    },
    "children": Array [
      Object {
        "attribs": Object {
          "class": "container",
        },
        "children": Array [
          Object {
            "attribs": Object {
              "class": "navbar-header",
            },
            "children": Array [
              Object {
                "attribs": Object {
                  "class": "navbar-brand",
                },
                "children": Array [
                  Object {
                    "attribs": Object {
                      "href": "#home",
                      "style": "color:red",
                    },
                    "children": Array [],
                    "name": "a",
                    "namespace": "http://www.w3.org/1999/xhtml",
                    "next": null,
                    "parent": [Circular],
                    "prev": null,
                    "type": "tag",
                    "x-attribsNamespace": Object {
                      "href": undefined,
                      "style": undefined,
                    },
                    "x-attribsPrefix": Object {
                      "href": undefined,
                      "style": undefined,
                    },
                  },
                ],
                "name": "h3",
                "namespace": "http://www.w3.org/1999/xhtml",
                "next": null,
                "parent": [Circular],
                "prev": null,
                "type": "tag",
                "x-attribsNamespace": Object {
                  "class": undefined,
                },
                "x-attribsPrefix": Object {
                  "class": undefined,
                },
              },
            ],
            "name": "div",
            "namespace": "http://www.w3.org/1999/xhtml",
            "next": null,
            "parent": [Circular],
            "prev": null,
            "type": "tag",
            "x-attribsNamespace": Object {
              "class": undefined,
            },
            "x-attribsPrefix": Object {
              "class": undefined,
            },
          },
        ],
        "name": "div",
        "namespace": "http://www.w3.org/1999/xhtml",
        "next": null,
        "parent": [Circular],
        "prev": null,
        "type": "tag",
        "x-attribsNamespace": Object {
          "class": undefined,
        },
        "x-attribsPrefix": Object {
          "class": undefined,
        },
      },
    ],
    "name": "nav",
    "namespace": "http://www.w3.org/1999/xhtml",
    "next": null,
    "parent": null,
    "prev": null,
    "root": Object {
      "attribs": Object {},
      "children": Array [
        [Circular],
      ],
      "name": "root",
      "namespace": "http://www.w3.org/1999/xhtml",
      "next": null,
      "parent": null,
      "prev": null,
      "type": "root",
      "x-attribsNamespace": Object {},
      "x-attribsPrefix": Object {},
    },
    "type": "tag",
    "x-attribsNamespace": Object {
      "class": undefined,
      "style": undefined,
    },
    "x-attribsPrefix": Object {
      "class": undefined,
      "style": undefined,
    },
  },
  "_root": [Circular],
  "length": 1,
  "options": Object {
    "decodeEntities": true,
    "normalizeWhitespace": false,
    "withDomLvl1": true,
    "xml": false,
  },
}
`;
